******************************************************************************
             TMS320C2000 Linker PC v18.1.4                     
******************************************************************************
>> Linked Wed Jun 12 19:58:20 2019

OUTPUT FILE NAME:   <Scrambler.out>
ENTRY POINT SYMBOL: "code_start"  address: 00000000


MEMORY CONFIGURATION

         name            origin    length      used     unused   attr    fill
----------------------  --------  ---------  --------  --------  ----  --------
PAGE 0:
  BEGIN                 00000000   00000002  00000002  00000000  RWIX
  RAMM0                 00000122   000002de  000002de  00000000  RWIX
  RAMLS0                00008000   00000800  000001e4  0000061c  RWIX
  RAMLS1                00008800   00000800  00000000  00000800  RWIX
  RAMLS2                00009000   00000800  00000000  00000800  RWIX
  RAMLS3                00009800   00000800  00000000  00000800  RWIX
  RAMLS4                0000a000   00000800  00000000  00000800  RWIX
  RAMD0                 0000b000   00000800  00000800  00000000  RWIX
  RESET                 003fffc0   00000002  00000000  00000002  RWIX

PAGE 1:
  BOOT_RSVD             00000002   00000120  00000000  00000120  RWIX
  RAMM1                 00000400   00000400  00000400  00000000  RWIX
  RAMLS5                0000a800   00000800  00000323  000004dd  RWIX
  RAMD1                 0000b800   00000800  00000000  00000800  RWIX
  RAMGS0                0000c000   00001000  00000000  00001000  RWIX
  RAMGS1                0000d000   00001000  00000000  00001000  RWIX
  RAMGS2                0000e000   00001000  00000000  00001000  RWIX
  RAMGS3                0000f000   00001000  00000000  00001000  RWIX
  RAMGS4                00010000   00001000  00000000  00001000  RWIX
  RAMGS5                00011000   00001000  00000000  00001000  RWIX
  RAMGS6                00012000   00001000  00000000  00001000  RWIX
  RAMGS7                00013000   00001000  00000000  00001000  RWIX
  RAMGS8                00014000   00001000  00000000  00001000  RWIX
  RAMGS9                00015000   00001000  00000000  00001000  RWIX
  RAMGS10               00016000   00001000  00000000  00001000  RWIX
  RAMGS11               00017000   00001000  00000000  00001000  RWIX
  RAMGS12               00018000   00001000  00000000  00001000  RWIX
  RAMGS13               00019000   00001000  00000000  00001000  RWIX
  RAMGS14               0001a000   00001000  00000000  00001000  RWIX
  RAMGS15               0001b000   00001000  00000000  00001000  RWIX
  CPU2TOCPU1RAM         0003f800   00000400  00000000  00000400  RWIX
  CPU1TOCPU2RAM         0003fc00   00000400  00000000  00000400  RWIX
  CANA_MSG_RAM          00049000   00000800  00000000  00000800  RWIX
  CANB_MSG_RAM          0004b000   00000800  00000000  00000800  RWIX


SECTION ALLOCATION MAP

 output                                  attributes/
section   page    origin      length       input sections
--------  ----  ----------  ----------   ----------------
codestart 
*          0    00000000    00000002     
                  00000000    00000002     F2837xD_CodeStartBranch.obj (codestart)

.cinit     0    00000122    0000001a     
                  00000122    0000000e     rts2800_fpu32.lib : exit.c.obj (.cinit)
                  00000130    00000005                       : _lock.c.obj (.cinit:__lock)
                  00000135    00000005                       : _lock.c.obj (.cinit:__unlock)
                  0000013a    00000002     --HOLE-- [fill = 0]

.pinit     0    00000122    00000000     UNINITIALIZED

.reset     0    003fffc0    00000002     DSECT
                  003fffc0    00000002     rts2800_fpu32.lib : boot28.asm.obj (.reset)

.stack     1    00000400    00000400     UNINITIALIZED
                  00000400    00000400     --HOLE--

.econst    1    0000a800    00000257     
                  0000a800    000000ac     driverlib.lib : gpio.obj (.econst:.string)
                  0000a8ac    0000008d     main.obj (.econst:.string)
                  0000a939    00000001     --HOLE-- [fill = 0]
                  0000a93a    0000005b     driverlib.lib : interrupt.obj (.econst:.string)
                  0000a995    00000001     --HOLE-- [fill = 0]
                  0000a996    00000058                   : sysctl.obj (.econst:.string)
                  0000a9ee    00000055                   : adc.obj (.econst:.string)
                  0000aa43    00000001     --HOLE-- [fill = 0]
                  0000aa44    00000013     device.obj (.econst:.string)

.ebss      1    0000aa58    000000cc     UNINITIALIZED
                  0000aa58    00000006     rts2800_fpu32.lib : exit.c.obj (.ebss)
                  0000aa5e    00000002                       : _lock.c.obj (.ebss:__lock)
                  0000aa60    00000002                       : _lock.c.obj (.ebss:__unlock)
                  0000aa62    0000001e     --HOLE--
                  0000aa80    000000a4     main.obj (.ebss)

.TI.ramfunc 
*          0    0000013c    00000004     
                  0000013c    00000004     driverlib.lib : sysctl.obj (.TI.ramfunc)

GETBUFFER 
*          0    0003f800    00000000     DSECT

GETWRITEIDX 
*          0    0003f800    00000000     DSECT

PUTREADIDX 
*          0    0003f800    00000000     DSECT

.text.1    0    00000140    000002c0     
                  00000140    00000221     driverlib.lib : sysctl.obj (.text:_SysCtl_setClock)
                  00000361    0000009a                   : adc.obj (.text:_ADC_setMode)
                  000003fb    00000002                   : interrupt.obj (.text:_Interrupt_illegalOperationHandler)
                  000003fd    00000002                   : interrupt.obj (.text:_Interrupt_nmiHandler)
                  000003ff    00000001     rts2800_fpu32.lib : startup.c.obj (.text)

.text.2    0    00008000    000001e4     
                  00008000    00000052     driverlib.lib : gpio.obj (.text:_GPIO_setPadConfig)
                  00008052    0000004d                   : sysctl.obj (.text:_SysCtl_selectOscSource)
                  0000809f    00000033                   : interrupt.obj (.text:_Interrupt_enable)
                  000080d2    00000029     rts2800_fpu32.lib : exit.c.obj (.text)
                  000080fb    00000024                       : cpy_tbl.c.obj (.text)
                  0000811f    00000020     driverlib.lib : interrupt.obj (.text:_Interrupt_initVectorTable)
                  0000813f    0000001d     rts2800_fpu32.lib : memcpy.c.obj (.text)
                  0000815c    0000001a     driverlib.lib : sysctl.obj (.text:_SysCtl_getLowSpeedClock)
                  00008176    00000019     rts2800_fpu32.lib : args_main.c.obj (.text)
                  0000818f    0000000e     driverlib.lib : gpio.obj (.text:_GPIO_isPinValid)
                  0000819d    0000000e                   : interrupt.obj (.text:_Interrupt_defaultHandler)
                  000081ab    0000000d                   : interrupt.obj (.text:_Interrupt_disableMaster)
                  000081b8    0000000d                   : interrupt.obj (.text:_Interrupt_enableMaster)
                  000081c5    0000000b                   : sysctl.obj (.text:_SysCtl_isMCDClockFailureDetected)
                  000081d0    00000009                   : sysctl.obj (.text:_SysCtl_serviceWatchdog)
                  000081d9    00000009     rts2800_fpu32.lib : _lock.c.obj (.text)
                  000081e2    00000002                       : pre_init.c.obj (.text)

.text.3    0    0000b000    00000800     
                  0000b000    000003f6     main.obj (.text)
                  0000b3f6    000001da     device.obj (.text)
                  0000b5d0    00000088     rts2800_fpu32.lib : fs_div28.asm.obj (.text)
                  0000b658    0000006e     driverlib.lib : sysctl.obj (.text:_SysCtl_getClock)
                  0000b6c6    00000056     rts2800_fpu32.lib : boot28.asm.obj (.text)
                  0000b71c    00000054     driverlib.lib : interrupt.obj (.text:_Interrupt_initModule)
                  0000b770    00000053     main.obj (.text:retain)
                  0000b7c3    0000003d     driverlib.lib : gpio.obj (.text:_GPIO_setPinConfig)

MODULE SUMMARY

       Module                        code   initialized data   uninitialized data
       ------                        ----   ----------------   ------------------
    .\
       main.obj                      1097   141                164               
    +--+-----------------------------+------+------------------+--------------------+
       Total:                        1097   141                164               
                                                                                 
    .\device\
       device.obj                    474    19                 0                 
       F2837xD_CodeStartBranch.obj   2      0                  0                 
    +--+-----------------------------+------+------------------+--------------------+
       Total:                        476    19                 0                 
                                                                                 
    ../driverlib.lib
       sysctl.obj                    782    88                 0                 
       gpio.obj                      157    172                0                 
       interrupt.obj                 211    91                 0                 
       adc.obj                       154    85                 0                 
    +--+-----------------------------+------+------------------+--------------------+
       Total:                        1304   436                0                 
                                                                                 
    C:\ti\ccsv8\tools\compiler\ti-cgt-c2000_18.1.4.LTS\lib\rts2800_fpu32.lib
       fs_div28.asm.obj              136    0                  0                 
       boot28.asm.obj                86     0                  0                 
       exit.c.obj                    41     14                 6                 
       cpy_tbl.c.obj                 36     0                  0                 
       memcpy.c.obj                  29     0                  0                 
       args_main.c.obj               25     0                  0                 
       _lock.c.obj                   9      10                 4                 
       pre_init.c.obj                2      0                  0                 
       startup.c.obj                 1      0                  0                 
    +--+-----------------------------+------+------------------+--------------------+
       Total:                        365    24                 10                
                                                                                 
       Stack:                        0      0                  1024              
    +--+-----------------------------+------+------------------+--------------------+
       Grand Total:                  3242   620                1198              


GLOBAL DATA SYMBOLS: SORTED BY DATA PAGE

address     data page           name
--------    ----------------    ----
00000400      10 (00000400)     __stack

0000aa58     2a9 (0000aa40)     ___TI_enable_exit_profile_output
0000aa5a     2a9 (0000aa40)     ___TI_cleanup_ptr
0000aa5c     2a9 (0000aa40)     ___TI_dtors_ptr
0000aa5e     2a9 (0000aa40)     __lock
0000aa60     2a9 (0000aa40)     __unlock

0000aa80     2aa (0000aa80)     _index
0000aa81     2aa (0000aa80)     _bufferFull
0000aa82     2aa (0000aa80)     _pwm_adc

0000aac0     2ab (0000aac0)     _adcAResults


GLOBAL SYMBOLS: SORTED ALPHABETICALLY BY Name 

page  address   name                                      
----  -------   ----                                      
abs   ffffffff  .text                                     
0     000080d2  C$$EXIT                                   
0     0000b5d0  FS$$DIV                                   
0     00000361  _ADC_setMode                              
0     0000b469  _Device_enableAllPeripherals              
0     0000b5b3  _Device_enableUnbondedGPIOPullups         
0     0000b590  _Device_enableUnbondedGPIOPullupsFor100Pin
0     0000b579  _Device_enableUnbondedGPIOPullupsFor176Pin
0     0000b438  _Device_init                              
0     0000b558  _Device_initGPIO                          
0     00008000  _GPIO_setPadConfig                        
0     0000b7c3  _GPIO_setPinConfig                        
0     0000809f  _Interrupt_enable                         
0     0000b71c  _Interrupt_initModule                     
0     0000811f  _Interrupt_initVectorTable                
0     0000013c  _SysCtl_delay                             
0     0000b658  _SysCtl_getClock                          
0     0000815c  _SysCtl_getLowSpeedClock                  
0     00008052  _SysCtl_selectOscSource                   
0     00000140  _SysCtl_setClock                          
1     00000800  __STACK_END                               
abs   00000400  __STACK_SIZE                              
1     0000aa5a  ___TI_cleanup_ptr                         
1     0000aa5c  ___TI_dtors_ptr                           
1     0000aa58  ___TI_enable_exit_profile_output          
abs   ffffffff  ___TI_pprof_out_hndl                      
abs   ffffffff  ___TI_prof_data_size                      
abs   ffffffff  ___TI_prof_data_start                     
abs   ffffffff  ___binit__                                
abs   ffffffff  ___c_args__                               
0     00000122  ___cinit__                                
0     0000b5c9  ___error__                                
abs   ffffffff  ___etext__                                
abs   ffffffff  ___pinit__                                
abs   ffffffff  ___text__                                 
0     00008176  __args_main                               
1     0000aa5e  __lock                                    
0     000081e1  __nop                                     
0     000081dd  __register_lock                           
0     000081d9  __register_unlock                         
1     00000400  __stack                                   
0     000003ff  __system_post_cinit                       
0     000081e2  __system_pre_init                         
1     0000aa60  __unlock                                  
0     000080d2  _abort                                    
0     0000b770  _adcA1ISR                                 
1     0000aac0  _adcAResults                              
1     0000aa81  _bufferFull                               
0     0000b6c6  _c_int00                                  
0     000080fb  _copy_in                                  
0     000080d4  _exit                                     
1     0000aa80  _index                                    
0     0000b362  _initADC                                  
0     0000b3d6  _initADCSOC                               
0     0000b380  _initEPWM                                 
0     0000b314  _main                                     
0     0000813f  _memcpy                                   
1     0000aa82  _pwm_adc                                  
abs   ffffffff  binit                                     
0     00000122  cinit                                     
0     00000000  code_start                                
abs   ffffffff  etext                                     
abs   ffffffff  pinit                                     


GLOBAL SYMBOLS: SORTED BY Symbol Address 

page  address   name                                      
----  -------   ----                                      
0     00000000  code_start                                
0     00000122  ___cinit__                                
0     00000122  cinit                                     
0     0000013c  _SysCtl_delay                             
0     00000140  _SysCtl_setClock                          
0     00000361  _ADC_setMode                              
0     000003ff  __system_post_cinit                       
0     00008000  _GPIO_setPadConfig                        
0     00008052  _SysCtl_selectOscSource                   
0     0000809f  _Interrupt_enable                         
0     000080d2  C$$EXIT                                   
0     000080d2  _abort                                    
0     000080d4  _exit                                     
0     000080fb  _copy_in                                  
0     0000811f  _Interrupt_initVectorTable                
0     0000813f  _memcpy                                   
0     0000815c  _SysCtl_getLowSpeedClock                  
0     00008176  __args_main                               
0     000081d9  __register_unlock                         
0     000081dd  __register_lock                           
0     000081e1  __nop                                     
0     000081e2  __system_pre_init                         
0     0000b314  _main                                     
0     0000b362  _initADC                                  
0     0000b380  _initEPWM                                 
0     0000b3d6  _initADCSOC                               
0     0000b438  _Device_init                              
0     0000b469  _Device_enableAllPeripherals              
0     0000b558  _Device_initGPIO                          
0     0000b579  _Device_enableUnbondedGPIOPullupsFor176Pin
0     0000b590  _Device_enableUnbondedGPIOPullupsFor100Pin
0     0000b5b3  _Device_enableUnbondedGPIOPullups         
0     0000b5c9  ___error__                                
0     0000b5d0  FS$$DIV                                   
0     0000b658  _SysCtl_getClock                          
0     0000b6c6  _c_int00                                  
0     0000b71c  _Interrupt_initModule                     
0     0000b770  _adcA1ISR                                 
0     0000b7c3  _GPIO_setPinConfig                        
1     00000400  __stack                                   
1     00000800  __STACK_END                               
1     0000aa58  ___TI_enable_exit_profile_output          
1     0000aa5a  ___TI_cleanup_ptr                         
1     0000aa5c  ___TI_dtors_ptr                           
1     0000aa5e  __lock                                    
1     0000aa60  __unlock                                  
1     0000aa80  _index                                    
1     0000aa81  _bufferFull                               
1     0000aa82  _pwm_adc                                  
1     0000aac0  _adcAResults                              
abs   00000400  __STACK_SIZE                              
abs   ffffffff  .text                                     
abs   ffffffff  ___TI_pprof_out_hndl                      
abs   ffffffff  ___TI_prof_data_size                      
abs   ffffffff  ___TI_prof_data_start                     
abs   ffffffff  ___binit__                                
abs   ffffffff  ___c_args__                               
abs   ffffffff  ___etext__                                
abs   ffffffff  ___pinit__                                
abs   ffffffff  ___text__                                 
abs   ffffffff  binit                                     
abs   ffffffff  etext                                     
abs   ffffffff  pinit                                     

[63 symbols]
